Archive member included to satisfy reference by file (symbol)

c:/program files (x86)/atmel/studio/7.0/toolchain/avr8/avr8-gnu-toolchain/bin/../lib/gcc/avr/5.4.0/avr5\libgcc.a(_udivmodsi4.o)
                              HAL/LCD/LCD_prg.o (__udivmodsi4)
c:/program files (x86)/atmel/studio/7.0/toolchain/avr8/avr8-gnu-toolchain/bin/../lib/gcc/avr/5.4.0/avr5\libgcc.a(_exit.o)
                              C:/Program Files (x86)/Atmel/Studio/7.0/Packs/atmel/ATmega_DFP/1.6.364/gcc/dev/atmega32/avr5/crtatmega32.o (exit)
c:/program files (x86)/atmel/studio/7.0/toolchain/avr8/avr8-gnu-toolchain/bin/../lib/gcc/avr/5.4.0/avr5\libgcc.a(_tablejump2.o)
                              HAL/BTN/BTN_prg.o (__tablejump2__)
c:/program files (x86)/atmel/studio/7.0/toolchain/avr8/avr8-gnu-toolchain/bin/../lib/gcc/avr/5.4.0/avr5\libgcc.a(_copy_data.o)
                              HAL/KPD/KPD_prg.o (__do_copy_data)
c:/program files (x86)/atmel/studio/7.0/toolchain/avr8/avr8-gnu-toolchain/bin/../lib/gcc/avr/5.4.0/avr5\libgcc.a(_clear_bss.o)
                              MCAL/ADC/ADC_prg.o (__do_clear_bss)

Allocating common symbols
Common symbol       size              file

G_ptr_func          0x2               MCAL/ADC/ADC_prg.o

Discarded input sections

 .data          0x00000000        0x0 C:/Program Files (x86)/Atmel/Studio/7.0/Packs/atmel/ATmega_DFP/1.6.364/gcc/dev/atmega32/avr5/crtatmega32.o
 .bss           0x00000000        0x0 C:/Program Files (x86)/Atmel/Studio/7.0/Packs/atmel/ATmega_DFP/1.6.364/gcc/dev/atmega32/avr5/crtatmega32.o
 .text          0x00000000        0x0 APP/main.o
 .data          0x00000000        0x0 APP/main.o
 .bss           0x00000000        0x0 APP/main.o
 .text          0x00000000        0x0 HAL/BTN/BTN_prg.o
 .data          0x00000000        0x0 HAL/BTN/BTN_prg.o
 .bss           0x00000000        0x0 HAL/BTN/BTN_prg.o
 .text.BTN_vInit
                0x00000000       0xea HAL/BTN/BTN_prg.o
 .progmem.gcc_sw_table.BTN_vInit
                0x00000000       0x20 HAL/BTN/BTN_prg.o
 .text.BTN_u8GetState
                0x00000000       0x7c HAL/BTN/BTN_prg.o
 .progmem.gcc_sw_table.BTN_u8GetState
                0x00000000       0x10 HAL/BTN/BTN_prg.o
 .debug_info    0x00000000      0x38f HAL/BTN/BTN_prg.o
 .debug_abbrev  0x00000000       0xc7 HAL/BTN/BTN_prg.o
 .debug_loc     0x00000000      0x2c8 HAL/BTN/BTN_prg.o
 .debug_aranges
                0x00000000       0x28 HAL/BTN/BTN_prg.o
 .debug_ranges  0x00000000       0x18 HAL/BTN/BTN_prg.o
 .debug_line    0x00000000      0x15d HAL/BTN/BTN_prg.o
 .debug_str     0x00000000      0x1b0 HAL/BTN/BTN_prg.o
 .comment       0x00000000       0x31 HAL/BTN/BTN_prg.o
 .debug_frame   0x00000000       0x3c HAL/BTN/BTN_prg.o
 .text          0x00000000        0x0 HAL/DC_MOTOR/DC_MOTOR_prg.o
 .data          0x00000000        0x0 HAL/DC_MOTOR/DC_MOTOR_prg.o
 .bss           0x00000000        0x0 HAL/DC_MOTOR/DC_MOTOR_prg.o
 .text.DC_MOTOR_vInit
                0x00000000       0x16 HAL/DC_MOTOR/DC_MOTOR_prg.o
 .text.DC_MOTOR_vClockwise
                0x00000000       0x16 HAL/DC_MOTOR/DC_MOTOR_prg.o
 .text.DC_MOTOR_vAntiClockwise
                0x00000000       0x16 HAL/DC_MOTOR/DC_MOTOR_prg.o
 .text.DC_MOTOR_vTurnOff
                0x00000000       0x16 HAL/DC_MOTOR/DC_MOTOR_prg.o
 .debug_info    0x00000000      0x1bc HAL/DC_MOTOR/DC_MOTOR_prg.o
 .debug_abbrev  0x00000000       0x6f HAL/DC_MOTOR/DC_MOTOR_prg.o
 .debug_aranges
                0x00000000       0x38 HAL/DC_MOTOR/DC_MOTOR_prg.o
 .debug_ranges  0x00000000       0x28 HAL/DC_MOTOR/DC_MOTOR_prg.o
 .debug_line    0x00000000       0xd8 HAL/DC_MOTOR/DC_MOTOR_prg.o
 .debug_str     0x00000000      0x1ba HAL/DC_MOTOR/DC_MOTOR_prg.o
 .comment       0x00000000       0x31 HAL/DC_MOTOR/DC_MOTOR_prg.o
 .debug_frame   0x00000000       0x54 HAL/DC_MOTOR/DC_MOTOR_prg.o
 .text          0x00000000        0x0 HAL/KPD/KPD_prg.o
 .data          0x00000000        0x0 HAL/KPD/KPD_prg.o
 .bss           0x00000000        0x0 HAL/KPD/KPD_prg.o
 .text.KPD_vInit
                0x00000000       0x42 HAL/KPD/KPD_prg.o
 .rodata        0x00000000       0x10 HAL/KPD/KPD_prg.o
 .text.KPD_u8GetPressedKey
                0x00000000       0xc2 HAL/KPD/KPD_prg.o
 .debug_info    0x00000000      0x2ed HAL/KPD/KPD_prg.o
 .debug_abbrev  0x00000000      0x16e HAL/KPD/KPD_prg.o
 .debug_loc     0x00000000      0x19c HAL/KPD/KPD_prg.o
 .debug_aranges
                0x00000000       0x28 HAL/KPD/KPD_prg.o
 .debug_ranges  0x00000000       0x30 HAL/KPD/KPD_prg.o
 .debug_line    0x00000000      0x255 HAL/KPD/KPD_prg.o
 .debug_str     0x00000000      0x236 HAL/KPD/KPD_prg.o
 .comment       0x00000000       0x31 HAL/KPD/KPD_prg.o
 .debug_frame   0x00000000       0x5c HAL/KPD/KPD_prg.o
 .text          0x00000000        0x0 HAL/LCD/LCD_prg.o
 .data          0x00000000        0x0 HAL/LCD/LCD_prg.o
 .bss           0x00000000        0x0 HAL/LCD/LCD_prg.o
 .text.LCD_vSendCmd
                0x00000000       0x44 HAL/LCD/LCD_prg.o
 .text.LCD_vInit
                0x00000000       0x70 HAL/LCD/LCD_prg.o
 .text.LCD_vDispChar
                0x00000000       0x4c HAL/LCD/LCD_prg.o
 .text.LCD_vDispString
                0x00000000       0x26 HAL/LCD/LCD_prg.o
 .text.LCD_vDispNum
                0x00000000       0xa8 HAL/LCD/LCD_prg.o
 .text.LCD_vClrScreen
                0x00000000        0x8 HAL/LCD/LCD_prg.o
 .text.LCD_vGoToRowCol
                0x00000000       0x1a HAL/LCD/LCD_prg.o
 .debug_info    0x00000000      0x6a7 HAL/LCD/LCD_prg.o
 .debug_abbrev  0x00000000      0x1d5 HAL/LCD/LCD_prg.o
 .debug_loc     0x00000000      0x4fb HAL/LCD/LCD_prg.o
 .debug_aranges
                0x00000000       0x50 HAL/LCD/LCD_prg.o
 .debug_ranges  0x00000000       0x40 HAL/LCD/LCD_prg.o
 .debug_line    0x00000000      0x326 HAL/LCD/LCD_prg.o
 .debug_str     0x00000000      0x2d1 HAL/LCD/LCD_prg.o
 .comment       0x00000000       0x31 HAL/LCD/LCD_prg.o
 .debug_frame   0x00000000       0xd0 HAL/LCD/LCD_prg.o
 .text          0x00000000        0x0 HAL/LED/LED_prg.o
 .data          0x00000000        0x0 HAL/LED/LED_prg.o
 .bss           0x00000000        0x0 HAL/LED/LED_prg.o
 .text.LED_vInit
                0x00000000       0x72 HAL/LED/LED_prg.o
 .progmem.gcc_sw_table.LED_vInit
                0x00000000       0x10 HAL/LED/LED_prg.o
 .text.LED_vTurnOn
                0x00000000       0x72 HAL/LED/LED_prg.o
 .progmem.gcc_sw_table.LED_vTurnOn
                0x00000000       0x10 HAL/LED/LED_prg.o
 .text.LED_vTurnOff
                0x00000000       0x72 HAL/LED/LED_prg.o
 .progmem.gcc_sw_table.LED_vTurnOff
                0x00000000       0x10 HAL/LED/LED_prg.o
 .debug_info    0x00000000      0x3b0 HAL/LED/LED_prg.o
 .debug_abbrev  0x00000000       0x8d HAL/LED/LED_prg.o
 .debug_loc     0x00000000      0x270 HAL/LED/LED_prg.o
 .debug_aranges
                0x00000000       0x30 HAL/LED/LED_prg.o
 .debug_ranges  0x00000000       0x20 HAL/LED/LED_prg.o
 .debug_line    0x00000000      0x14f HAL/LED/LED_prg.o
 .debug_str     0x00000000      0x190 HAL/LED/LED_prg.o
 .comment       0x00000000       0x31 HAL/LED/LED_prg.o
 .debug_frame   0x00000000       0x44 HAL/LED/LED_prg.o
 .text          0x00000000        0x0 HAL/SSD/SSD_prg.o
 .data          0x00000000        0x0 HAL/SSD/SSD_prg.o
 .bss           0x00000000        0x0 HAL/SSD/SSD_prg.o
 .text.SSD_vInit
                0x00000000       0x4e HAL/SSD/SSD_prg.o
 .text.SSD_vTurnOn
                0x00000000       0x22 HAL/SSD/SSD_prg.o
 .text.SSD_vTurnOff
                0x00000000       0x22 HAL/SSD/SSD_prg.o
 .text.SSD_vDispNum
                0x00000000       0x3e HAL/SSD/SSD_prg.o
 .rodata.L_u8SsdDecToSegArr.1627
                0x00000000        0xa HAL/SSD/SSD_prg.o
 .debug_info    0x00000000      0x34d HAL/SSD/SSD_prg.o
 .debug_abbrev  0x00000000       0xec HAL/SSD/SSD_prg.o
 .debug_loc     0x00000000      0x122 HAL/SSD/SSD_prg.o
 .debug_aranges
                0x00000000       0x38 HAL/SSD/SSD_prg.o
 .debug_ranges  0x00000000       0x28 HAL/SSD/SSD_prg.o
 .debug_line    0x00000000      0x136 HAL/SSD/SSD_prg.o
 .debug_str     0x00000000      0x1e2 HAL/SSD/SSD_prg.o
 .comment       0x00000000       0x31 HAL/SSD/SSD_prg.o
 .debug_frame   0x00000000       0x54 HAL/SSD/SSD_prg.o
 .text          0x00000000        0x0 MCAL/ADC/ADC_prg.o
 .data          0x00000000        0x0 MCAL/ADC/ADC_prg.o
 .bss           0x00000000        0x0 MCAL/ADC/ADC_prg.o
 .text.ADC_vInit
                0x00000000       0x1c MCAL/ADC/ADC_prg.o
 .text.ADC_u16GetDigValSync
                0x00000000       0x1e MCAL/ADC/ADC_prg.o
 .text.ADC_vGetDigValAsync
                0x00000000       0x1e MCAL/ADC/ADC_prg.o
 .text          0x00000000        0x0 MCAL/DIO/DIO_prg.o
 .data          0x00000000        0x0 MCAL/DIO/DIO_prg.o
 .bss           0x00000000        0x0 MCAL/DIO/DIO_prg.o
 .text.DIO_vSetPinDir
                0x00000000       0xb0 MCAL/DIO/DIO_prg.o
 .text.DIO_vSetPinVal
                0x00000000       0xb0 MCAL/DIO/DIO_prg.o
 .text.DIO_u8GetPinVal
                0x00000000       0x62 MCAL/DIO/DIO_prg.o
 .text.DIO_vSetPortDir
                0x00000000       0x20 MCAL/DIO/DIO_prg.o
 .text.DIO_vSetPortVal
                0x00000000       0x20 MCAL/DIO/DIO_prg.o
 .debug_info    0x00000000      0x1a8 MCAL/DIO/DIO_prg.o
 .debug_abbrev  0x00000000       0xa9 MCAL/DIO/DIO_prg.o
 .debug_loc     0x00000000      0x250 MCAL/DIO/DIO_prg.o
 .debug_aranges
                0x00000000       0x40 MCAL/DIO/DIO_prg.o
 .debug_ranges  0x00000000       0x30 MCAL/DIO/DIO_prg.o
 .debug_line    0x00000000      0x144 MCAL/DIO/DIO_prg.o
 .debug_str     0x00000000      0x1cf MCAL/DIO/DIO_prg.o
 .comment       0x00000000       0x31 MCAL/DIO/DIO_prg.o
 .debug_frame   0x00000000       0x64 MCAL/DIO/DIO_prg.o
 .text          0x00000000        0x0 MCAL/EXI/EXI_prg.o
 .data          0x00000000        0x0 MCAL/EXI/EXI_prg.o
 .bss           0x00000000        0x0 MCAL/EXI/EXI_prg.o
 .text.EXI_vInit0
                0x00000000       0x24 MCAL/EXI/EXI_prg.o
 .text.EXI_vInit1
                0x00000000       0x24 MCAL/EXI/EXI_prg.o
 .text.EXI_vInit2
                0x00000000       0x22 MCAL/EXI/EXI_prg.o
 .text.Reg_Func
                0x00000000       0x2a MCAL/EXI/EXI_prg.o
 .text          0x00000000        0x0 MCAL/GIE/GIE_prg.o
 .data          0x00000000        0x0 MCAL/GIE/GIE_prg.o
 .bss           0x00000000        0x0 MCAL/GIE/GIE_prg.o
 .text.GIE_vEnable
                0x00000000        0x8 MCAL/GIE/GIE_prg.o
 .text.GIE_vDisable
                0x00000000        0x8 MCAL/GIE/GIE_prg.o
 .debug_info    0x00000000       0x96 MCAL/GIE/GIE_prg.o
 .debug_abbrev  0x00000000       0x44 MCAL/GIE/GIE_prg.o
 .debug_aranges
                0x00000000       0x28 MCAL/GIE/GIE_prg.o
 .debug_ranges  0x00000000       0x18 MCAL/GIE/GIE_prg.o
 .debug_line    0x00000000       0x84 MCAL/GIE/GIE_prg.o
 .debug_str     0x00000000      0x15f MCAL/GIE/GIE_prg.o
 .comment       0x00000000       0x31 MCAL/GIE/GIE_prg.o
 .debug_frame   0x00000000       0x34 MCAL/GIE/GIE_prg.o
 .text          0x00000000        0x0 MCAL/TIMER0/TIMER_prg.o
 .data          0x00000000        0x0 MCAL/TIMER0/TIMER_prg.o
 .bss           0x00000000        0x0 MCAL/TIMER0/TIMER_prg.o
 .text.TIM0_vInit
                0x00000000       0x28 MCAL/TIMER0/TIMER_prg.o
 .text.TIM0_vSetPreload
                0x00000000        0x4 MCAL/TIMER0/TIMER_prg.o
 .text.TIM0_vSetOcrVal
                0x00000000        0x4 MCAL/TIMER0/TIMER_prg.o
 .text.TIM0_vCallBack_OVF
                0x00000000        0xa MCAL/TIMER0/TIMER_prg.o
 .text.TIM0_vCallBack_CTC
                0x00000000        0xa MCAL/TIMER0/TIMER_prg.o
 .text          0x00000000        0x0 MCAL/TIMER1/TIMER1_prg.o
 .data          0x00000000        0x0 MCAL/TIMER1/TIMER1_prg.o
 .bss           0x00000000        0x0 MCAL/TIMER1/TIMER1_prg.o
 .text.TIM1_vInit
                0x00000000       0x48 MCAL/TIMER1/TIMER1_prg.o
 .text.TIM1_vSetOcr1aVal
                0x00000000        0x6 MCAL/TIMER1/TIMER1_prg.o
 .text.TIM1_vCallBack_FAST_PWM_ICR1
                0x00000000        0xa MCAL/TIMER1/TIMER1_prg.o
 .text.TIM1_vIcuMode
                0x00000000       0x46 MCAL/TIMER1/TIMER1_prg.o
 .text.TIM1_u16ReadICR1
                0x00000000        0x6 MCAL/TIMER1/TIMER1_prg.o
 .text.TIM1_vCallBack
                0x00000000        0xa MCAL/TIMER1/TIMER1_prg.o
 .text.TIM1_vCallBack_OVF
                0x00000000        0xa MCAL/TIMER1/TIMER1_prg.o
 .text.TIM1_vSetTriggering
                0x00000000       0x14 MCAL/TIMER1/TIMER1_prg.o
 .text.TIM1_vDisableInt
                0x00000000        0xc MCAL/TIMER1/TIMER1_prg.o
 .text          0x00000000        0x0 MCAL/TWI/I2C_prg.o
 .data          0x00000000        0x0 MCAL/TWI/I2C_prg.o
 .bss           0x00000000        0x0 MCAL/TWI/I2C_prg.o
 .text.TWI_Init
                0x00000000       0x1a MCAL/TWI/I2C_prg.o
 .text.TWI_Start
                0x00000000        0xc MCAL/TWI/I2C_prg.o
 .text.TWI_Stop
                0x00000000        0x6 MCAL/TWI/I2C_prg.o
 .text.TWI_Write
                0x00000000        0xe MCAL/TWI/I2C_prg.o
 .text.TWI_Read_With_ACK
                0x00000000        0xe MCAL/TWI/I2C_prg.o
 .text.TWI_Read_With_NACK
                0x00000000       0x1a MCAL/TWI/I2C_prg.o
 .text.TWI_u8Get_Status
                0x00000000        0x6 MCAL/TWI/I2C_prg.o
 .debug_info    0x00000000      0x136 MCAL/TWI/I2C_prg.o
 .debug_abbrev  0x00000000       0xb2 MCAL/TWI/I2C_prg.o
 .debug_loc     0x00000000       0x50 MCAL/TWI/I2C_prg.o
 .debug_aranges
                0x00000000       0x50 MCAL/TWI/I2C_prg.o
 .debug_ranges  0x00000000       0x40 MCAL/TWI/I2C_prg.o
 .debug_line    0x00000000      0x171 MCAL/TWI/I2C_prg.o
 .debug_str     0x00000000      0x1ae MCAL/TWI/I2C_prg.o
 .comment       0x00000000       0x31 MCAL/TWI/I2C_prg.o
 .debug_frame   0x00000000       0x84 MCAL/TWI/I2C_prg.o
 .text          0x00000000        0x0 MCAL/UART/UART_prg.o
 .data          0x00000000        0x0 MCAL/UART/UART_prg.o
 .bss           0x00000000        0x0 MCAL/UART/UART_prg.o
 .text.UART_vInit
                0x00000000       0x1c MCAL/UART/UART_prg.o
 .text.UART_vSendChar
                0x00000000        0x8 MCAL/UART/UART_prg.o
 .text.UART_vGetData
                0x00000000        0x8 MCAL/UART/UART_prg.o
 .text.UART_vSendString
                0x00000000       0x26 MCAL/UART/UART_prg.o
 .debug_info    0x00000000      0x120 MCAL/UART/UART_prg.o
 .debug_abbrev  0x00000000       0xbd MCAL/UART/UART_prg.o
 .debug_loc     0x00000000       0xb2 MCAL/UART/UART_prg.o
 .debug_aranges
                0x00000000       0x38 MCAL/UART/UART_prg.o
 .debug_ranges  0x00000000       0x28 MCAL/UART/UART_prg.o
 .debug_line    0x00000000      0x105 MCAL/UART/UART_prg.o
 .debug_str     0x00000000      0x1a9 MCAL/UART/UART_prg.o
 .comment       0x00000000       0x31 MCAL/UART/UART_prg.o
 .debug_frame   0x00000000       0x64 MCAL/UART/UART_prg.o
 .text          0x00000000        0x0 c:/program files (x86)/atmel/studio/7.0/toolchain/avr8/avr8-gnu-toolchain/bin/../lib/gcc/avr/5.4.0/avr5\libgcc.a(_udivmodsi4.o)
 .data          0x00000000        0x0 c:/program files (x86)/atmel/studio/7.0/toolchain/avr8/avr8-gnu-toolchain/bin/../lib/gcc/avr/5.4.0/avr5\libgcc.a(_udivmodsi4.o)
 .bss           0x00000000        0x0 c:/program files (x86)/atmel/studio/7.0/toolchain/avr8/avr8-gnu-toolchain/bin/../lib/gcc/avr/5.4.0/avr5\libgcc.a(_udivmodsi4.o)
 .text.libgcc.mul
                0x00000000        0x0 c:/program files (x86)/atmel/studio/7.0/toolchain/avr8/avr8-gnu-toolchain/bin/../lib/gcc/avr/5.4.0/avr5\libgcc.a(_udivmodsi4.o)
 .text.libgcc.div
                0x00000000       0x44 c:/program files (x86)/atmel/studio/7.0/toolchain/avr8/avr8-gnu-toolchain/bin/../lib/gcc/avr/5.4.0/avr5\libgcc.a(_udivmodsi4.o)
 .text.libgcc   0x00000000        0x0 c:/program files (x86)/atmel/studio/7.0/toolchain/avr8/avr8-gnu-toolchain/bin/../lib/gcc/avr/5.4.0/avr5\libgcc.a(_udivmodsi4.o)
 .text.libgcc.prologue
                0x00000000        0x0 c:/program files (x86)/atmel/studio/7.0/toolchain/avr8/avr8-gnu-toolchain/bin/../lib/gcc/avr/5.4.0/avr5\libgcc.a(_udivmodsi4.o)
 .text.libgcc.builtins
                0x00000000        0x0 c:/program files (x86)/atmel/studio/7.0/toolchain/avr8/avr8-gnu-toolchain/bin/../lib/gcc/avr/5.4.0/avr5\libgcc.a(_udivmodsi4.o)
 .text.libgcc.fmul
                0x00000000        0x0 c:/program files (x86)/atmel/studio/7.0/toolchain/avr8/avr8-gnu-toolchain/bin/../lib/gcc/avr/5.4.0/avr5\libgcc.a(_udivmodsi4.o)
 .text.libgcc.fixed
                0x00000000        0x0 c:/program files (x86)/atmel/studio/7.0/toolchain/avr8/avr8-gnu-toolchain/bin/../lib/gcc/avr/5.4.0/avr5\libgcc.a(_udivmodsi4.o)
 .text          0x00000000        0x0 c:/program files (x86)/atmel/studio/7.0/toolchain/avr8/avr8-gnu-toolchain/bin/../lib/gcc/avr/5.4.0/avr5\libgcc.a(_exit.o)
 .data          0x00000000        0x0 c:/program files (x86)/atmel/studio/7.0/toolchain/avr8/avr8-gnu-toolchain/bin/../lib/gcc/avr/5.4.0/avr5\libgcc.a(_exit.o)
 .bss           0x00000000        0x0 c:/program files (x86)/atmel/studio/7.0/toolchain/avr8/avr8-gnu-toolchain/bin/../lib/gcc/avr/5.4.0/avr5\libgcc.a(_exit.o)
 .text.libgcc.mul
                0x00000000        0x0 c:/program files (x86)/atmel/studio/7.0/toolchain/avr8/avr8-gnu-toolchain/bin/../lib/gcc/avr/5.4.0/avr5\libgcc.a(_exit.o)
 .text.libgcc.div
                0x00000000        0x0 c:/program files (x86)/atmel/studio/7.0/toolchain/avr8/avr8-gnu-toolchain/bin/../lib/gcc/avr/5.4.0/avr5\libgcc.a(_exit.o)
 .text.libgcc   0x00000000        0x0 c:/program files (x86)/atmel/studio/7.0/toolchain/avr8/avr8-gnu-toolchain/bin/../lib/gcc/avr/5.4.0/avr5\libgcc.a(_exit.o)
 .text.libgcc.prologue
                0x00000000        0x0 c:/program files (x86)/atmel/studio/7.0/toolchain/avr8/avr8-gnu-toolchain/bin/../lib/gcc/avr/5.4.0/avr5\libgcc.a(_exit.o)
 .text.libgcc.builtins
                0x00000000        0x0 c:/program files (x86)/atmel/studio/7.0/toolchain/avr8/avr8-gnu-toolchain/bin/../lib/gcc/avr/5.4.0/avr5\libgcc.a(_exit.o)
 .text.libgcc.fmul
                0x00000000        0x0 c:/program files (x86)/atmel/studio/7.0/toolchain/avr8/avr8-gnu-toolchain/bin/../lib/gcc/avr/5.4.0/avr5\libgcc.a(_exit.o)
 .text.libgcc.fixed
                0x00000000        0x0 c:/program files (x86)/atmel/studio/7.0/toolchain/avr8/avr8-gnu-toolchain/bin/../lib/gcc/avr/5.4.0/avr5\libgcc.a(_exit.o)
 .text          0x00000000        0x0 c:/program files (x86)/atmel/studio/7.0/toolchain/avr8/avr8-gnu-toolchain/bin/../lib/gcc/avr/5.4.0/avr5\libgcc.a(_tablejump2.o)
 .data          0x00000000        0x0 c:/program files (x86)/atmel/studio/7.0/toolchain/avr8/avr8-gnu-toolchain/bin/../lib/gcc/avr/5.4.0/avr5\libgcc.a(_tablejump2.o)
 .bss           0x00000000        0x0 c:/program files (x86)/atmel/studio/7.0/toolchain/avr8/avr8-gnu-toolchain/bin/../lib/gcc/avr/5.4.0/avr5\libgcc.a(_tablejump2.o)
 .text.libgcc.mul
                0x00000000        0x0 c:/program files (x86)/atmel/studio/7.0/toolchain/avr8/avr8-gnu-toolchain/bin/../lib/gcc/avr/5.4.0/avr5\libgcc.a(_tablejump2.o)
 .text.libgcc.div
                0x00000000        0x0 c:/program files (x86)/atmel/studio/7.0/toolchain/avr8/avr8-gnu-toolchain/bin/../lib/gcc/avr/5.4.0/avr5\libgcc.a(_tablejump2.o)
 .text.libgcc   0x00000000        0xc c:/program files (x86)/atmel/studio/7.0/toolchain/avr8/avr8-gnu-toolchain/bin/../lib/gcc/avr/5.4.0/avr5\libgcc.a(_tablejump2.o)
 .text.libgcc.prologue
                0x00000000        0x0 c:/program files (x86)/atmel/studio/7.0/toolchain/avr8/avr8-gnu-toolchain/bin/../lib/gcc/avr/5.4.0/avr5\libgcc.a(_tablejump2.o)
 .text.libgcc.builtins
                0x00000000        0x0 c:/program files (x86)/atmel/studio/7.0/toolchain/avr8/avr8-gnu-toolchain/bin/../lib/gcc/avr/5.4.0/avr5\libgcc.a(_tablejump2.o)
 .text.libgcc.fmul
                0x00000000        0x0 c:/program files (x86)/atmel/studio/7.0/toolchain/avr8/avr8-gnu-toolchain/bin/../lib/gcc/avr/5.4.0/avr5\libgcc.a(_tablejump2.o)
 .text.libgcc.fixed
                0x00000000        0x0 c:/program files (x86)/atmel/studio/7.0/toolchain/avr8/avr8-gnu-toolchain/bin/../lib/gcc/avr/5.4.0/avr5\libgcc.a(_tablejump2.o)
 .text          0x00000000        0x0 c:/program files (x86)/atmel/studio/7.0/toolchain/avr8/avr8-gnu-toolchain/bin/../lib/gcc/avr/5.4.0/avr5\libgcc.a(_copy_data.o)
 .data          0x00000000        0x0 c:/program files (x86)/atmel/studio/7.0/toolchain/avr8/avr8-gnu-toolchain/bin/../lib/gcc/avr/5.4.0/avr5\libgcc.a(_copy_data.o)
 .bss           0x00000000        0x0 c:/program files (x86)/atmel/studio/7.0/toolchain/avr8/avr8-gnu-toolchain/bin/../lib/gcc/avr/5.4.0/avr5\libgcc.a(_copy_data.o)
 .text.libgcc.mul
                0x00000000        0x0 c:/program files (x86)/atmel/studio/7.0/toolchain/avr8/avr8-gnu-toolchain/bin/../lib/gcc/avr/5.4.0/avr5\libgcc.a(_copy_data.o)
 .text.libgcc.div
                0x00000000        0x0 c:/program files (x86)/atmel/studio/7.0/toolchain/avr8/avr8-gnu-toolchain/bin/../lib/gcc/avr/5.4.0/avr5\libgcc.a(_copy_data.o)
 .text.libgcc   0x00000000        0x0 c:/program files (x86)/atmel/studio/7.0/toolchain/avr8/avr8-gnu-toolchain/bin/../lib/gcc/avr/5.4.0/avr5\libgcc.a(_copy_data.o)
 .text.libgcc.prologue
                0x00000000        0x0 c:/program files (x86)/atmel/studio/7.0/toolchain/avr8/avr8-gnu-toolchain/bin/../lib/gcc/avr/5.4.0/avr5\libgcc.a(_copy_data.o)
 .text.libgcc.builtins
                0x00000000        0x0 c:/program files (x86)/atmel/studio/7.0/toolchain/avr8/avr8-gnu-toolchain/bin/../lib/gcc/avr/5.4.0/avr5\libgcc.a(_copy_data.o)
 .text.libgcc.fmul
                0x00000000        0x0 c:/program files (x86)/atmel/studio/7.0/toolchain/avr8/avr8-gnu-toolchain/bin/../lib/gcc/avr/5.4.0/avr5\libgcc.a(_copy_data.o)
 .text.libgcc.fixed
                0x00000000        0x0 c:/program files (x86)/atmel/studio/7.0/toolchain/avr8/avr8-gnu-toolchain/bin/../lib/gcc/avr/5.4.0/avr5\libgcc.a(_copy_data.o)
 .text          0x00000000        0x0 c:/program files (x86)/atmel/studio/7.0/toolchain/avr8/avr8-gnu-toolchain/bin/../lib/gcc/avr/5.4.0/avr5\libgcc.a(_clear_bss.o)
 .data          0x00000000        0x0 c:/program files (x86)/atmel/studio/7.0/toolchain/avr8/avr8-gnu-toolchain/bin/../lib/gcc/avr/5.4.0/avr5\libgcc.a(_clear_bss.o)
 .bss           0x00000000        0x0 c:/program files (x86)/atmel/studio/7.0/toolchain/avr8/avr8-gnu-toolchain/bin/../lib/gcc/avr/5.4.0/avr5\libgcc.a(_clear_bss.o)
 .text.libgcc.mul
                0x00000000        0x0 c:/program files (x86)/atmel/studio/7.0/toolchain/avr8/avr8-gnu-toolchain/bin/../lib/gcc/avr/5.4.0/avr5\libgcc.a(_clear_bss.o)
 .text.libgcc.div
                0x00000000        0x0 c:/program files (x86)/atmel/studio/7.0/toolchain/avr8/avr8-gnu-toolchain/bin/../lib/gcc/avr/5.4.0/avr5\libgcc.a(_clear_bss.o)
 .text.libgcc   0x00000000        0x0 c:/program files (x86)/atmel/studio/7.0/toolchain/avr8/avr8-gnu-toolchain/bin/../lib/gcc/avr/5.4.0/avr5\libgcc.a(_clear_bss.o)
 .text.libgcc.prologue
                0x00000000        0x0 c:/program files (x86)/atmel/studio/7.0/toolchain/avr8/avr8-gnu-toolchain/bin/../lib/gcc/avr/5.4.0/avr5\libgcc.a(_clear_bss.o)
 .text.libgcc.builtins
                0x00000000        0x0 c:/program files (x86)/atmel/studio/7.0/toolchain/avr8/avr8-gnu-toolchain/bin/../lib/gcc/avr/5.4.0/avr5\libgcc.a(_clear_bss.o)
 .text.libgcc.fmul
                0x00000000        0x0 c:/program files (x86)/atmel/studio/7.0/toolchain/avr8/avr8-gnu-toolchain/bin/../lib/gcc/avr/5.4.0/avr5\libgcc.a(_clear_bss.o)
 .text.libgcc.fixed
                0x00000000        0x0 c:/program files (x86)/atmel/studio/7.0/toolchain/avr8/avr8-gnu-toolchain/bin/../lib/gcc/avr/5.4.0/avr5\libgcc.a(_clear_bss.o)

Memory Configuration

Name             Origin             Length             Attributes
text             0x00000000         0x00008000         xr
data             0x00800060         0x00000800         rw !x
eeprom           0x00810000         0x00000400         rw !x
fuse             0x00820000         0x00000002         rw !x
lock             0x00830000         0x00000400         rw !x
signature        0x00840000         0x00000400         rw !x
user_signatures  0x00850000         0x00000400         rw !x
*default*        0x00000000         0xffffffff

Linker script and memory map

LOAD C:/Program Files (x86)/Atmel/Studio/7.0/Packs/atmel/ATmega_DFP/1.6.364/gcc/dev/atmega32/avr5/crtatmega32.o
LOAD APP/main.o
LOAD HAL/BTN/BTN_prg.o
LOAD HAL/DC_MOTOR/DC_MOTOR_prg.o
LOAD HAL/KPD/KPD_prg.o
LOAD HAL/LCD/LCD_prg.o
LOAD HAL/LED/LED_prg.o
LOAD HAL/SSD/SSD_prg.o
LOAD MCAL/ADC/ADC_prg.o
LOAD MCAL/DIO/DIO_prg.o
LOAD MCAL/EXI/EXI_prg.o
LOAD MCAL/GIE/GIE_prg.o
LOAD MCAL/TIMER0/TIMER_prg.o
LOAD MCAL/TIMER1/TIMER1_prg.o
LOAD MCAL/TWI/I2C_prg.o
LOAD MCAL/UART/UART_prg.o
START GROUP
LOAD c:/program files (x86)/atmel/studio/7.0/toolchain/avr8/avr8-gnu-toolchain/bin/../lib/gcc/avr/5.4.0/../../../../avr/lib/avr5\libm.a
END GROUP
START GROUP
LOAD c:/program files (x86)/atmel/studio/7.0/toolchain/avr8/avr8-gnu-toolchain/bin/../lib/gcc/avr/5.4.0/avr5\libgcc.a
LOAD c:/program files (x86)/atmel/studio/7.0/toolchain/avr8/avr8-gnu-toolchain/bin/../lib/gcc/avr/5.4.0/../../../../avr/lib/avr5\libm.a
LOAD c:/program files (x86)/atmel/studio/7.0/toolchain/avr8/avr8-gnu-toolchain/bin/../lib/gcc/avr/5.4.0/../../../../avr/lib/avr5\libc.a
LOAD C:/Program Files (x86)/Atmel/Studio/7.0/Packs/atmel/ATmega_DFP/1.6.364/gcc/dev/atmega32/avr5\libatmega32.a
END GROUP
                0x00000000                __TEXT_REGION_ORIGIN__ = DEFINED (__TEXT_REGION_ORIGIN__)?__TEXT_REGION_ORIGIN__:0x0
                [0x00800060]                __DATA_REGION_ORIGIN__ = DEFINED (__DATA_REGION_ORIGIN__)?__DATA_REGION_ORIGIN__:0x800060
                [0x00008000]                __TEXT_REGION_LENGTH__ = DEFINED (__TEXT_REGION_LENGTH__)?__TEXT_REGION_LENGTH__:0x20000
                [0x00000800]                __DATA_REGION_LENGTH__ = DEFINED (__DATA_REGION_LENGTH__)?__DATA_REGION_LENGTH__:0xffa0
                [0x00000400]                __EEPROM_REGION_LENGTH__ = DEFINED (__EEPROM_REGION_LENGTH__)?__EEPROM_REGION_LENGTH__:0x10000
                [0x00000002]                __FUSE_REGION_LENGTH__ = DEFINED (__FUSE_REGION_LENGTH__)?__FUSE_REGION_LENGTH__:0x400
                0x00000400                __LOCK_REGION_LENGTH__ = DEFINED (__LOCK_REGION_LENGTH__)?__LOCK_REGION_LENGTH__:0x400
                0x00000400                __SIGNATURE_REGION_LENGTH__ = DEFINED (__SIGNATURE_REGION_LENGTH__)?__SIGNATURE_REGION_LENGTH__:0x400
                0x00000400                __USER_SIGNATURE_REGION_LENGTH__ = DEFINED (__USER_SIGNATURE_REGION_LENGTH__)?__USER_SIGNATURE_REGION_LENGTH__:0x400

.hash
 *(.hash)

.dynsym
 *(.dynsym)

.dynstr
 *(.dynstr)

.gnu.version
 *(.gnu.version)

.gnu.version_d
 *(.gnu.version_d)

.gnu.version_r
 *(.gnu.version_r)

.rel.init
 *(.rel.init)

.rela.init
 *(.rela.init)

.rel.text
 *(.rel.text)
 *(.rel.text.*)
 *(.rel.gnu.linkonce.t*)

.rela.text
 *(.rela.text)
 *(.rela.text.*)
 *(.rela.gnu.linkonce.t*)

.rel.fini
 *(.rel.fini)

.rela.fini
 *(.rela.fini)

.rel.rodata
 *(.rel.rodata)
 *(.rel.rodata.*)
 *(.rel.gnu.linkonce.r*)

.rela.rodata
 *(.rela.rodata)
 *(.rela.rodata.*)
 *(.rela.gnu.linkonce.r*)

.rel.data
 *(.rel.data)
 *(.rel.data.*)
 *(.rel.gnu.linkonce.d*)

.rela.data
 *(.rela.data)
 *(.rela.data.*)
 *(.rela.gnu.linkonce.d*)

.rel.ctors
 *(.rel.ctors)

.rela.ctors
 *(.rela.ctors)

.rel.dtors
 *(.rel.dtors)

.rela.dtors
 *(.rela.dtors)

.rel.got
 *(.rel.got)

.rela.got
 *(.rela.got)

.rel.bss
 *(.rel.bss)

.rela.bss
 *(.rela.bss)

.rel.plt
 *(.rel.plt)

.rela.plt
 *(.rela.plt)

.text           0x00000000      0x360
 *(.vectors)
 .vectors       0x00000000       0x54 C:/Program Files (x86)/Atmel/Studio/7.0/Packs/atmel/ATmega_DFP/1.6.364/gcc/dev/atmega32/avr5/crtatmega32.o
                0x00000000                __vector_default
                0x00000000                __vectors
 *(.vectors)
 *(.progmem.gcc*)
                0x00000054                . = ALIGN (0x2)
                0x00000054                __trampolines_start = .
 *(.trampolines)
 .trampolines   0x00000054        0x0 linker stubs
 *(.trampolines*)
                0x00000054                __trampolines_end = .
 *libprintf_flt.a:*(.progmem.data)
 *libc.a:*(.progmem.data)
 *(.progmem*)
                0x00000054                . = ALIGN (0x2)
 *(.jumptables)
 *(.jumptables*)
 *(.lowtext)
 *(.lowtext*)
                0x00000054                __ctors_start = .
 *(.ctors)
                0x00000054                __ctors_end = .
                0x00000054                __dtors_start = .
 *(.dtors)
                0x00000054                __dtors_end = .
 SORT(*)(.ctors)
 SORT(*)(.dtors)
 *(.init0)
 .init0         0x00000054        0x0 C:/Program Files (x86)/Atmel/Studio/7.0/Packs/atmel/ATmega_DFP/1.6.364/gcc/dev/atmega32/avr5/crtatmega32.o
                0x00000054                __init
 *(.init0)
 *(.init1)
 *(.init1)
 *(.init2)
 .init2         0x00000054        0xc C:/Program Files (x86)/Atmel/Studio/7.0/Packs/atmel/ATmega_DFP/1.6.364/gcc/dev/atmega32/avr5/crtatmega32.o
 *(.init2)
 *(.init3)
 *(.init3)
 *(.init4)
 .init4         0x00000060       0x16 c:/program files (x86)/atmel/studio/7.0/toolchain/avr8/avr8-gnu-toolchain/bin/../lib/gcc/avr/5.4.0/avr5\libgcc.a(_copy_data.o)
                0x00000060                __do_copy_data
 .init4         0x00000076       0x10 c:/program files (x86)/atmel/studio/7.0/toolchain/avr8/avr8-gnu-toolchain/bin/../lib/gcc/avr/5.4.0/avr5\libgcc.a(_clear_bss.o)
                0x00000076                __do_clear_bss
 *(.init4)
 *(.init5)
 *(.init5)
 *(.init6)
 *(.init6)
 *(.init7)
 *(.init7)
 *(.init8)
 *(.init8)
 *(.init9)
 .init9         0x00000086        0x8 C:/Program Files (x86)/Atmel/Studio/7.0/Packs/atmel/ATmega_DFP/1.6.364/gcc/dev/atmega32/avr5/crtatmega32.o
 *(.init9)
 *(.text)
 .text          0x0000008e        0x4 C:/Program Files (x86)/Atmel/Studio/7.0/Packs/atmel/ATmega_DFP/1.6.364/gcc/dev/atmega32/avr5/crtatmega32.o
                0x0000008e                __vector_12
                0x0000008e                __bad_interrupt
                0x0000008e                __vector_13
                0x0000008e                __vector_17
                0x0000008e                __vector_19
                0x0000008e                __vector_5
                0x0000008e                __vector_4
                0x0000008e                __vector_15
                0x0000008e                __vector_8
                0x0000008e                __vector_14
                0x0000008e                __vector_18
                0x0000008e                __vector_20
                0x00000092                . = ALIGN (0x2)
 *(.text.*)
 .text.main     0x00000092        0x2 APP/main.o
                0x00000092                main
 .text.__vector_16
                0x00000094       0x58 MCAL/ADC/ADC_prg.o
                0x00000094                __vector_16
 .text.__vector_1
                0x000000ec       0x4e MCAL/EXI/EXI_prg.o
                0x000000ec                __vector_1
 .text.__vector_2
                0x0000013a       0x4e MCAL/EXI/EXI_prg.o
                0x0000013a                __vector_2
 .text.__vector_3
                0x00000188       0x4e MCAL/EXI/EXI_prg.o
                0x00000188                __vector_3
 .text.__vector_10
                0x000001d6       0x4e MCAL/TIMER0/TIMER_prg.o
                0x000001d6                __vector_10
 .text.__vector_11
                0x00000224       0x4e MCAL/TIMER0/TIMER_prg.o
                0x00000224                __vector_11
 .text.__vector_7
                0x00000272       0x4e MCAL/TIMER1/TIMER1_prg.o
                0x00000272                __vector_7
 .text.__vector_6
                0x000002c0       0x4e MCAL/TIMER1/TIMER1_prg.o
                0x000002c0                __vector_6
 .text.__vector_9
                0x0000030e       0x4e MCAL/TIMER1/TIMER1_prg.o
                0x0000030e                __vector_9
                0x0000035c                . = ALIGN (0x2)
 *(.fini9)
 .fini9         0x0000035c        0x0 c:/program files (x86)/atmel/studio/7.0/toolchain/avr8/avr8-gnu-toolchain/bin/../lib/gcc/avr/5.4.0/avr5\libgcc.a(_exit.o)
                0x0000035c                _exit
                0x0000035c                exit
 *(.fini9)
 *(.fini8)
 *(.fini8)
 *(.fini7)
 *(.fini7)
 *(.fini6)
 *(.fini6)
 *(.fini5)
 *(.fini5)
 *(.fini4)
 *(.fini4)
 *(.fini3)
 *(.fini3)
 *(.fini2)
 *(.fini2)
 *(.fini1)
 *(.fini1)
 *(.fini0)
 .fini0         0x0000035c        0x4 c:/program files (x86)/atmel/studio/7.0/toolchain/avr8/avr8-gnu-toolchain/bin/../lib/gcc/avr/5.4.0/avr5\libgcc.a(_exit.o)
 *(.fini0)
                0x00000360                _etext = .

.data           0x00800060        0x0 load address 0x00000360
                0x00800060                PROVIDE (__data_start, .)
 *(.data)
 *(.data*)
 *(.gnu.linkonce.d*)
 *(.rodata)
 *(.rodata*)
 *(.gnu.linkonce.r*)
                0x00800060                . = ALIGN (0x2)
                0x00800060                _edata = .
                0x00800060                PROVIDE (__data_end, .)

.bss            0x00800060       0x12
                0x00800060                PROVIDE (__bss_start, .)
 *(.bss)
 *(.bss*)
 .bss.G_ISR2_Ptr
                0x00800060        0x2 MCAL/EXI/EXI_prg.o
 .bss.G_ISR1_Ptr
                0x00800062        0x2 MCAL/EXI/EXI_prg.o
 .bss.G_ISR0_Ptr
                0x00800064        0x2 MCAL/EXI/EXI_prg.o
 .bss.G_PTRF_TIM0_CTC
                0x00800066        0x2 MCAL/TIMER0/TIMER_prg.o
 .bss.G_PTRF_TIM0_OVF
                0x00800068        0x2 MCAL/TIMER0/TIMER_prg.o
 .bss.G_PTRF_TIM1_OVF
                0x0080006a        0x2 MCAL/TIMER1/TIMER1_prg.o
 .bss.G_PTRF_TIM1_ICF
                0x0080006c        0x2 MCAL/TIMER1/TIMER1_prg.o
 .bss.G_PTRF_TIM1_FAST_PWM_ICR1
                0x0080006e        0x2 MCAL/TIMER1/TIMER1_prg.o
 *(COMMON)
 COMMON         0x00800070        0x2 MCAL/ADC/ADC_prg.o
                0x00800070                G_ptr_func
                0x00800072                PROVIDE (__bss_end, .)
                0x00000360                __data_load_start = LOADADDR (.data)
                0x00000360                __data_load_end = (__data_load_start + SIZEOF (.data))

.noinit         0x00800072        0x0
                [!provide]                PROVIDE (__noinit_start, .)
 *(.noinit*)
                [!provide]                PROVIDE (__noinit_end, .)
                0x00800072                _end = .
                [!provide]                PROVIDE (__heap_start, .)

.eeprom         0x00810000        0x0
 *(.eeprom*)
                0x00810000                __eeprom_end = .

.fuse
 *(.fuse)
 *(.lfuse)
 *(.hfuse)
 *(.efuse)

.lock
 *(.lock*)

.signature
 *(.signature*)

.user_signatures
 *(.user_signatures*)

.stab
 *(.stab)

.stabstr
 *(.stabstr)

.stab.excl
 *(.stab.excl)

.stab.exclstr
 *(.stab.exclstr)

.stab.index
 *(.stab.index)

.stab.indexstr
 *(.stab.indexstr)

.comment        0x00000000       0x30
 *(.comment)
 .comment       0x00000000       0x30 APP/main.o
                                 0x31 (size before relaxing)
 .comment       0x00000030       0x31 MCAL/ADC/ADC_prg.o
 .comment       0x00000030       0x31 MCAL/EXI/EXI_prg.o
 .comment       0x00000030       0x31 MCAL/TIMER0/TIMER_prg.o
 .comment       0x00000030       0x31 MCAL/TIMER1/TIMER1_prg.o

.note.gnu.avr.deviceinfo
                0x00000000       0x3c
 .note.gnu.avr.deviceinfo
                0x00000000       0x3c C:/Program Files (x86)/Atmel/Studio/7.0/Packs/atmel/ATmega_DFP/1.6.364/gcc/dev/atmega32/avr5/crtatmega32.o

.note.gnu.build-id
 *(.note.gnu.build-id)

.debug
 *(.debug)

.line
 *(.line)

.debug_srcinfo
 *(.debug_srcinfo)

.debug_sfnames
 *(.debug_sfnames)

.debug_aranges  0x00000000      0x170
 *(.debug_aranges)
 .debug_aranges
                0x00000000       0x20 APP/main.o
 .debug_aranges
                0x00000020       0x38 MCAL/ADC/ADC_prg.o
 .debug_aranges
                0x00000058       0x50 MCAL/EXI/EXI_prg.o
 .debug_aranges
                0x000000a8       0x50 MCAL/TIMER0/TIMER_prg.o
 .debug_aranges
                0x000000f8       0x78 MCAL/TIMER1/TIMER1_prg.o

.debug_pubnames
 *(.debug_pubnames)

.debug_info     0x00000000      0xcab
 *(.debug_info .gnu.linkonce.wi.*)
 .debug_info    0x00000000      0x4e6 C:/Program Files (x86)/Atmel/Studio/7.0/Packs/atmel/ATmega_DFP/1.6.364/gcc/dev/atmega32/avr5/crtatmega32.o
 .debug_info    0x000004e6       0x99 APP/main.o
 .debug_info    0x0000057f      0x138 MCAL/ADC/ADC_prg.o
 .debug_info    0x000006b7      0x249 MCAL/EXI/EXI_prg.o
 .debug_info    0x00000900      0x181 MCAL/TIMER0/TIMER_prg.o
 .debug_info    0x00000a81      0x22a MCAL/TIMER1/TIMER1_prg.o

.debug_abbrev   0x00000000      0x81a
 *(.debug_abbrev)
 .debug_abbrev  0x00000000      0x4a3 C:/Program Files (x86)/Atmel/Studio/7.0/Packs/atmel/ATmega_DFP/1.6.364/gcc/dev/atmega32/avr5/crtatmega32.o
 .debug_abbrev  0x000004a3       0x49 APP/main.o
 .debug_abbrev  0x000004ec       0xd8 MCAL/ADC/ADC_prg.o
 .debug_abbrev  0x000005c4       0xe7 MCAL/EXI/EXI_prg.o
 .debug_abbrev  0x000006ab       0xa4 MCAL/TIMER0/TIMER_prg.o
 .debug_abbrev  0x0000074f       0xcb MCAL/TIMER1/TIMER1_prg.o

.debug_line     0x00000000      0x71b
 *(.debug_line .debug_line.* .debug_line_end)
 .debug_line    0x00000000      0x116 C:/Program Files (x86)/Atmel/Studio/7.0/Packs/atmel/ATmega_DFP/1.6.364/gcc/dev/atmega32/avr5/crtatmega32.o
 .debug_line    0x00000116       0x3b APP/main.o
 .debug_line    0x00000151      0x115 MCAL/ADC/ADC_prg.o
 .debug_line    0x00000266      0x185 MCAL/EXI/EXI_prg.o
 .debug_line    0x000003eb      0x12a MCAL/TIMER0/TIMER_prg.o
 .debug_line    0x00000515      0x206 MCAL/TIMER1/TIMER1_prg.o

.debug_frame    0x00000000      0x4dc
 *(.debug_frame)
 .debug_frame   0x00000000       0x24 APP/main.o
 .debug_frame   0x00000024       0x9c MCAL/ADC/ADC_prg.o
 .debug_frame   0x000000c0      0x15c MCAL/EXI/EXI_prg.o
 .debug_frame   0x0000021c      0x114 MCAL/TIMER0/TIMER_prg.o
 .debug_frame   0x00000330      0x1ac MCAL/TIMER1/TIMER1_prg.o

.debug_str      0x00000000      0x5fb
 *(.debug_str)
 .debug_str     0x00000000      0x196 C:/Program Files (x86)/Atmel/Studio/7.0/Packs/atmel/ATmega_DFP/1.6.364/gcc/dev/atmega32/avr5/crtatmega32.o
 .debug_str     0x00000196      0x141 APP/main.o
                                0x175 (size before relaxing)
 .debug_str     0x000002d7       0x79 MCAL/ADC/ADC_prg.o
                                0x1b2 (size before relaxing)
 .debug_str     0x00000350       0xb2 MCAL/EXI/EXI_prg.o
                                0x214 (size before relaxing)
 .debug_str     0x00000402       0xc4 MCAL/TIMER0/TIMER_prg.o
                                0x1f4 (size before relaxing)
 .debug_str     0x000004c6      0x135 MCAL/TIMER1/TIMER1_prg.o
                                0x26a (size before relaxing)

.debug_loc      0x00000000      0x7d4
 *(.debug_loc)
 .debug_loc     0x00000000      0x142 MCAL/ADC/ADC_prg.o
 .debug_loc     0x00000142      0x261 MCAL/EXI/EXI_prg.o
 .debug_loc     0x000003a3      0x196 MCAL/TIMER0/TIMER_prg.o
 .debug_loc     0x00000539      0x29b MCAL/TIMER1/TIMER1_prg.o

.debug_macinfo
 *(.debug_macinfo)

.debug_weaknames
 *(.debug_weaknames)

.debug_funcnames
 *(.debug_funcnames)

.debug_typenames
 *(.debug_typenames)

.debug_varnames
 *(.debug_varnames)

.debug_pubtypes
 *(.debug_pubtypes)

.debug_ranges   0x00000000      0x120
 *(.debug_ranges)
 .debug_ranges  0x00000000       0x10 APP/main.o
 .debug_ranges  0x00000010       0x28 MCAL/ADC/ADC_prg.o
 .debug_ranges  0x00000038       0x40 MCAL/EXI/EXI_prg.o
 .debug_ranges  0x00000078       0x40 MCAL/TIMER0/TIMER_prg.o
 .debug_ranges  0x000000b8       0x68 MCAL/TIMER1/TIMER1_prg.o

.debug_macro
 *(.debug_macro)
OUTPUT(COTS.elf elf32-avr)
LOAD linker stubs
